---
source: crates/mun_hir/src/ty/tests.rs
expression: "infer(r#\"\n    //- /foo.mun\n    pub struct Foo(pub i32, i32)\n\n    impl Foo {\n        pub fn new() -> Self {\n            Self(1, 2)\n        }\n    }\n\n    //- /mod.mun\n    fn main() {\n        let foo = foo::Foo::new();\n        let a = foo.0;\n        let b = foo.1;\n    }\"#)"
---
74..79: access of private type
10..82 '{     ...o.1; }': ()
20..23 'foo': Foo
26..39 'foo::Foo::new': function new() -> Foo
26..41 'foo::Foo::new()': Foo
51..52 'a': i32
55..58 'foo': Foo
55..60 'foo.0': i32
70..71 'b': i32
74..77 'foo': Foo
74..79 'foo.1': i32
66..92 '{     ...     }': Foo
76..80 'Self': Foo
76..86 'Self(1, 2)': Foo
81..82 '1': i32
84..85 '2': i32
