---
source: crates/mun_hir/src/ty/tests.rs
expression: "fn value() -> i64 { 6 }\n\npub fn main() {\n    let t = 2;\n    t = loop { break value(); };\n}"

---
18..23 '{ 6 }': i64
20..21 '6': i64
39..90 '{     ...; }; }': ()
49..50 't': i64
53..54 '2': i64
60..61 't': i64
60..87 't = lo...e(); }': ()
64..87 'loop {...e(); }': i64
69..87 '{ brea...e(); }': never
71..84 'break value()': never
77..82 'value': function value() -> i64
77..84 'value()': i64
