---
source: crates/mun_hir/src/ty/tests.rs
expression: "//- /mod.mun\nstruct Foo;\n\nfn main() -> self::Foo {\n    Foo\n}\n\nfn bar() -> Foo {\n    super::Foo  // undefined value\n}\n\nfn baz() -> Foo {\n    package::Foo\n}\n\n//- /foo.mun\nstruct Foo;\n\nfn bar() -> Foo {\n    super::Foo  // mismatched type\n}\n\nfn baz() -> package::Foo {\n    super::Foo\n}\n\nfn nested() -> self::Foo {\n    package::foo::Foo\n}"
---
71..81: undefined value
35..45: mismatched type
29..67: mismatched type
36..47 '{     Foo }': Foo
42..45 'Foo': Foo
65..103 '{     ...alue }': Foo
71..81 'super::Foo': {unknown}
121..141 '{     ...:Foo }': Foo
127..139 'package::Foo': Foo
29..67 '{     ...type }': Foo
35..45 'super::Foo': Foo
94..112 '{     ...:Foo }': Foo
100..110 'super::Foo': Foo
139..164 '{     ...:Foo }': Foo
145..162 'packag...o::Foo': Foo
