---
source: crates/mun_hir/src/ty/tests.rs
expression: "struct Foo {}\ntype Foo = Foo;\n\ntype A = B;\ntype B = A;\n\nfn main() {\n    let a: Foo;  // error: unknown type\n    let b: A;    // error: unknown type\n    let c: B;    // error: unknown type\n}"
---
[40; 41): cyclic type
[52; 53): cyclic type
[119; 120): cyclic type
[159; 160): cyclic type
[66; 189) '{     ...type }': nothing
[76; 77) 'a': Foo
[116; 117) 'b': {unknown}
[156; 157) 'c': {unknown}
