---
source: crates/mun_hir/src/ty/tests.rs
expression: "fn test() {\n    let a = if true { 3 } else { 4 }\n    let b = if true { 3 }               // Missing else branch\n    let c = if true { 3; }\n    let d = if true { 5 } else if false { 3 } else { 4 }\n    let e = if true { 5.0 } else { 5 }  // Mismatched branches\n}"
---
[61; 74): missing else branch
[208; 234): mismatched branches
[10; 260) '{     ...ches }': nothing
[20; 21) 'a': i32
[24; 48) 'if tru... { 4 }': i32
[27; 31) 'true': bool
[32; 37) '{ 3 }': i32
[34; 35) '3': i32
[43; 48) '{ 4 }': i32
[45; 46) '4': i32
[57; 58) 'b': nothing
[61; 74) 'if true { 3 }': nothing
[64; 68) 'true': bool
[69; 74) '{ 3 }': i32
[71; 72) '3': i32
[120; 121) 'c': nothing
[124; 138) 'if true { 3; }': nothing
[127; 131) 'true': bool
[132; 138) '{ 3; }': nothing
[134; 135) '3': i32
[147; 148) 'd': i32
[151; 195) 'if tru... { 4 }': i32
[154; 158) 'true': bool
[159; 164) '{ 5 }': i32
[161; 162) '5': i32
[170; 195) 'if fal... { 4 }': i32
[173; 178) 'false': bool
[179; 184) '{ 3 }': i32
[181; 182) '3': i32
[190; 195) '{ 4 }': i32
[192; 193) '4': i32
[204; 205) 'e': f64
[208; 234) 'if tru... { 5 }': f64
[211; 215) 'true': bool
[216; 223) '{ 5.0 }': f64
[218; 221) '5.0': f64
[229; 234) '{ 5 }': i32
[231; 232) '5': i32
