---
source: crates/mun_hir/src/ty/tests.rs
expression: "fn unsigned_primitives(a: u8, b: u16, c: u32, d: u64, e: usize, f: uint) : u8 { a }\nfn signed_primitives(a: i8, b: i16, c: i32, d: i64, e: isize, f: int) : i8 { a }\nfn float_primitives(a: f32, b: f64, c: float) : f32 { a }"
---
[23; 24) 'a': u8
[30; 31) 'b': u16
[38; 39) 'c': u32
[46; 47) 'd': u64
[54; 55) 'e': usize
[64; 65) 'f': uint
[78; 83) '{ a }': u8
[80; 81) 'a': u8
[105; 106) 'a': i8
[112; 113) 'b': i16
[120; 121) 'c': i32
[128; 129) 'd': i64
[136; 137) 'e': isize
[146; 147) 'f': int
[159; 164) '{ a }': i8
[161; 162) 'a': i8
[185; 186) 'a': f32
[193; 194) 'b': f64
[201; 202) 'c': float
[217; 222) '{ a }': f32
[219; 220) 'a': f32
