---
source: crates/mun_hir/src/ty/tests.rs
expression: "struct Foo;\nstruct Bar {\n    f: float,\n    i: int,\n}\nstruct Baz(float, int);\n\n\nfn main() {\n    let foo: Foo;\n    let bar: Bar;\n    let baz: Baz;\n}"
---
[89; 146) '{     ...Baz; }': nothing
[99; 102) 'foo': Foo
[117; 120) 'bar': Bar
[135; 138) 'baz': Baz
