---
source: crates/mun_hir/src/ty/tests.rs
expression: "extern fn foo(a:int, b:int): int;\nfn main() {\n    foo(3,4);\n}"
---
[14; 15) 'a': int
[21; 22) 'b': int
[44; 61) '{     ...,4); }': nothing
[50; 53) 'foo': function foo(int, int) -> int
[50; 58) 'foo(3,4)': int
[54; 55) '3': int
[56; 57) '4': int
