---
source: crates/mun_hir/src/ty/tests.rs
expression: "fn foo() {\n    let n = 0;\n    while n < 3 { n += 1; };\n    while n < 3 { n += 1; break; };\n    while n < 3 { break 3; };   // Error: break with value in while\n    while n < 3 { loop { break 3; }; };\n}"
---
[109; 116): `break` with value can only appear in a `loop`
[9; 200) '{     ...; }; }': nothing
[19; 20) 'n': int
[23; 24) '0': int
[30; 53) 'while ...= 1; }': nothing
[36; 37) 'n': int
[36; 41) 'n < 3': bool
[40; 41) '3': int
[42; 53) '{ n += 1; }': nothing
[44; 45) 'n': int
[44; 50) 'n += 1': nothing
[49; 50) '1': int
[59; 89) 'while ...eak; }': nothing
[65; 66) 'n': int
[65; 70) 'n < 3': bool
[69; 70) '3': int
[71; 89) '{ n +=...eak; }': never
[73; 74) 'n': int
[73; 79) 'n += 1': nothing
[78; 79) '1': int
[81; 86) 'break': never
[95; 119) 'while ...k 3; }': nothing
[101; 102) 'n': int
[101; 106) 'n < 3': bool
[105; 106) '3': int
[107; 119) '{ break 3; }': never
[109; 116) 'break 3': never
[163; 197) 'while ...; }; }': nothing
[169; 170) 'n': int
[169; 174) 'n < 3': bool
[173; 174) '3': int
[175; 197) '{ loop...; }; }': nothing
[177; 194) 'loop {...k 3; }': int
[182; 194) '{ break 3; }': never
[184; 191) 'break 3': never
[190; 191) '3': int
