---
source: crates/mun_hir/src/ty/tests.rs
expression: "fn main() -> [int] {\n    let a = 3;\n    let b = 4.0;\n    [1,2,a,b,]\n}"
---
[64; 65): mismatched type
[19; 69) '{     ...,b,] }': [int]
[29; 30) 'a': int
[33; 34) '3': int
[44; 45) 'b': float
[48; 51) '4.0': float
[57; 67) '[1,2,a,b,]': [int]
[58; 59) '1': int
[60; 61) '2': int
[62; 63) 'a': int
[64; 65) 'b': float
