---
source: crates/mun_hir/src/ty/tests.rs
expression: "fn test(a:int, b:float, c:never, d:bool) -> bool {\n    a;\n    b;\n    c;\n    d\n}"
---
[8; 9) 'a': int
[15; 16) 'b': float
[24; 25) 'c': never
[33; 34) 'd': bool
[49; 79) '{     ...   d }': never
[55; 56) 'a': int
[62; 63) 'b': float
[69; 70) 'c': never
[76; 77) 'd': bool
