---
source: crates/mun_hir/src/ty/tests.rs
expression: "fn bar() {\n    let a = 3;\n}\nfn foo(a:i32) {\n    let c = bar()\n}"
---
[9; 27) '{     ...= 3; }': nothing
[19; 20) 'a': i32
[23; 24) '3': i32
[35; 36) 'a': i32
[42; 63) '{     ...ar() }': nothing
[52; 53) 'c': nothing
[56; 59) 'bar': function bar() -> nothing
[56; 61) 'bar()': nothing
