---
source: crates/mun_hir/src/item_tree/tests.rs
expression: "print_item_tree(r#\"\n    pub use foo;\n    use super::bar;\n    use super::*;\n    use foo::{bar as _, baz::hello as world};\n        \"#).unwrap()"
---
pub use foo;
use super::bar;
use super::*;
use foo::bar as _;
use foo::baz::hello as world;

