---
source: crates/mun_compiler/src/diagnostics.rs
expression: "compilation_errors(\"\\n\\nfn main() {\\nlet a;\\nif 5>6 {\\na = 5\\n}\\nlet b = a;\\n}\")"
---
error: use of possibly-uninitialized variable: `a`
 --> main.mun:8:8
  |
8 | let b = a;
  |         ^ use of possibly-uninitialized `a`
  |

