---
source: crates/mun_syntax/src/tests/lexer.rs
expression: "# ( ) { } [ ] ; ,\n= ==\n!=\n< <=\n> >=\n. .. ... ..=\n+ +=\n- -=\n* *=\n/ /=\n% %=\n<< <<=\n>> >>=\n&& & &=\n|| | |=\n^ ^=\n: ::\n->"
---
HASH 1 "#"
WHITESPACE 1 " "
L_PAREN 1 "("
WHITESPACE 1 " "
R_PAREN 1 ")"
WHITESPACE 1 " "
L_CURLY 1 "{"
WHITESPACE 1 " "
R_CURLY 1 "}"
WHITESPACE 1 " "
L_BRACKET 1 "["
WHITESPACE 1 " "
R_BRACKET 1 "]"
WHITESPACE 1 " "
SEMI 1 ";"
WHITESPACE 1 " "
COMMA 1 ","
WHITESPACE 1 "\n"
EQ 1 "="
WHITESPACE 1 " "
EQ 1 "="
EQ 1 "="
WHITESPACE 1 "\n"
EXCLAMATION 1 "!"
EQ 1 "="
WHITESPACE 1 "\n"
LT 1 "<"
WHITESPACE 1 " "
LT 1 "<"
EQ 1 "="
WHITESPACE 1 "\n"
GT 1 ">"
WHITESPACE 1 " "
GT 1 ">"
EQ 1 "="
WHITESPACE 1 "\n"
DOT 1 "."
WHITESPACE 1 " "
DOT 1 "."
DOT 1 "."
WHITESPACE 1 " "
DOT 1 "."
DOT 1 "."
DOT 1 "."
WHITESPACE 1 " "
DOT 1 "."
DOT 1 "."
EQ 1 "="
WHITESPACE 1 "\n"
PLUS 1 "+"
WHITESPACE 1 " "
PLUS 1 "+"
EQ 1 "="
WHITESPACE 1 "\n"
MINUS 1 "-"
WHITESPACE 1 " "
MINUS 1 "-"
EQ 1 "="
WHITESPACE 1 "\n"
STAR 1 "*"
WHITESPACE 1 " "
STAR 1 "*"
EQ 1 "="
WHITESPACE 1 "\n"
SLASH 1 "/"
WHITESPACE 1 " "
SLASH 1 "/"
EQ 1 "="
WHITESPACE 1 "\n"
PERCENT 1 "%"
WHITESPACE 1 " "
PERCENT 1 "%"
EQ 1 "="
WHITESPACE 1 "\n"
LT 1 "<"
LT 1 "<"
WHITESPACE 1 " "
LT 1 "<"
LT 1 "<"
EQ 1 "="
WHITESPACE 1 "\n"
GT 1 ">"
GT 1 ">"
WHITESPACE 1 " "
GT 1 ">"
GT 1 ">"
EQ 1 "="
WHITESPACE 1 "\n"
AMP 1 "&"
AMP 1 "&"
WHITESPACE 1 " "
AMP 1 "&"
WHITESPACE 1 " "
AMP 1 "&"
EQ 1 "="
WHITESPACE 1 "\n"
PIPE 1 "|"
PIPE 1 "|"
WHITESPACE 1 " "
PIPE 1 "|"
WHITESPACE 1 " "
PIPE 1 "|"
EQ 1 "="
WHITESPACE 1 "\n"
CARET 1 "^"
WHITESPACE 1 " "
CARET 1 "^"
EQ 1 "="
WHITESPACE 1 "\n"
COLON 1 ":"
WHITESPACE 1 " "
COLON 1 ":"
COLON 1 ":"
WHITESPACE 1 "\n"
MINUS 1 "-"
GT 1 ">"

