---
source: crates/mun_syntax/src/tests/lexer.rs
expression: "and break do else false for fn if in nil\nreturn true while let mut struct class\nnever loop pub super self package"
---
AND_KW 3 "and"
WHITESPACE 1 " "
BREAK_KW 5 "break"
WHITESPACE 1 " "
DO_KW 2 "do"
WHITESPACE 1 " "
ELSE_KW 4 "else"
WHITESPACE 1 " "
FALSE_KW 5 "false"
WHITESPACE 1 " "
FOR_KW 3 "for"
WHITESPACE 1 " "
FN_KW 2 "fn"
WHITESPACE 1 " "
IF_KW 2 "if"
WHITESPACE 1 " "
IN_KW 2 "in"
WHITESPACE 1 " "
NIL_KW 3 "nil"
WHITESPACE 1 "\n"
RETURN_KW 6 "return"
WHITESPACE 1 " "
TRUE_KW 4 "true"
WHITESPACE 1 " "
WHILE_KW 5 "while"
WHITESPACE 1 " "
LET_KW 3 "let"
WHITESPACE 1 " "
MUT_KW 3 "mut"
WHITESPACE 1 " "
STRUCT_KW 6 "struct"
WHITESPACE 1 " "
CLASS_KW 5 "class"
WHITESPACE 1 "\n"
NEVER_KW 5 "never"
WHITESPACE 1 " "
LOOP_KW 4 "loop"
WHITESPACE 1 " "
PUB_KW 3 "pub"
WHITESPACE 1 " "
SUPER_KW 5 "super"
WHITESPACE 1 " "
SELF_KW 4 "self"
WHITESPACE 1 " "
PACKAGE_KW 7 "package"

