---
source: crates/mun_syntax/src/tests/parser.rs
expression: "fn foo() {\n    let a = 3+4*5\n    let b = 3*4+10/2\n}"
---
SOURCE_FILE@[0; 51)
  FUNCTION_DEF@[0; 51)
    FN_KW@[0; 2) "fn"
    WHITESPACE@[2; 3) " "
    NAME@[3; 6)
      IDENT@[3; 6) "foo"
    PARAM_LIST@[6; 8)
      L_PAREN@[6; 7) "("
      R_PAREN@[7; 8) ")"
    WHITESPACE@[8; 9) " "
    BLOCK_EXPR@[9; 51)
      L_CURLY@[9; 10) "{"
      WHITESPACE@[10; 15) "\n    "
      LET_STMT@[15; 28)
        LET_KW@[15; 18) "let"
        WHITESPACE@[18; 19) " "
        BIND_PAT@[19; 20)
          NAME@[19; 20)
            IDENT@[19; 20) "a"
        WHITESPACE@[20; 21) " "
        EQ@[21; 22) "="
        WHITESPACE@[22; 23) " "
        BIN_EXPR@[23; 28)
          LITERAL@[23; 24)
            INT_NUMBER@[23; 24) "3"
          PLUS@[24; 25) "+"
          BIN_EXPR@[25; 28)
            LITERAL@[25; 26)
              INT_NUMBER@[25; 26) "4"
            STAR@[26; 27) "*"
            LITERAL@[27; 28)
              INT_NUMBER@[27; 28) "5"
      WHITESPACE@[28; 33) "\n    "
      LET_STMT@[33; 49)
        LET_KW@[33; 36) "let"
        WHITESPACE@[36; 37) " "
        BIND_PAT@[37; 38)
          NAME@[37; 38)
            IDENT@[37; 38) "b"
        WHITESPACE@[38; 39) " "
        EQ@[39; 40) "="
        WHITESPACE@[40; 41) " "
        BIN_EXPR@[41; 49)
          BIN_EXPR@[41; 44)
            LITERAL@[41; 42)
              INT_NUMBER@[41; 42) "3"
            STAR@[42; 43) "*"
            LITERAL@[43; 44)
              INT_NUMBER@[43; 44) "4"
          PLUS@[44; 45) "+"
          BIN_EXPR@[45; 49)
            LITERAL@[45; 47)
              INT_NUMBER@[45; 47) "10"
            SLASH@[47; 48) "/"
            LITERAL@[48; 49)
              INT_NUMBER@[48; 49) "2"
      WHITESPACE@[49; 50) "\n"
      R_CURLY@[50; 51) "}"

