---
source: crates/mun_syntax/src/tests/parser.rs
expression: "fn foo() {\n    let a;\n    let b:i32;\n    let c:string;\n}"
---
SOURCE_FILE@0..56
  FUNCTION_DEF@0..56
    FN_KW@0..2 "fn"
    WHITESPACE@2..3 " "
    NAME@3..6
      IDENT@3..6 "foo"
    PARAM_LIST@6..8
      L_PAREN@6..7 "("
      R_PAREN@7..8 ")"
    WHITESPACE@8..9 " "
    BLOCK_EXPR@9..56
      L_CURLY@9..10 "{"
      WHITESPACE@10..15 "\n    "
      LET_STMT@15..21
        LET_KW@15..18 "let"
        WHITESPACE@18..19 " "
        BIND_PAT@19..20
          NAME@19..20
            IDENT@19..20 "a"
        SEMI@20..21 ";"
      WHITESPACE@21..26 "\n    "
      LET_STMT@26..36
        LET_KW@26..29 "let"
        WHITESPACE@29..30 " "
        BIND_PAT@30..31
          NAME@30..31
            IDENT@30..31 "b"
        COLON@31..32 ":"
        PATH_TYPE@32..35
          PATH@32..35
            PATH_SEGMENT@32..35
              NAME_REF@32..35
                IDENT@32..35 "i32"
        SEMI@35..36 ";"
      WHITESPACE@36..41 "\n    "
      LET_STMT@41..54
        LET_KW@41..44 "let"
        WHITESPACE@44..45 " "
        BIND_PAT@45..46
          NAME@45..46
            IDENT@45..46 "c"
        COLON@46..47 ":"
        PATH_TYPE@47..53
          PATH@47..53
            PATH_SEGMENT@47..53
              NAME_REF@47..53
                IDENT@47..53 "string"
        SEMI@53..54 ";"
      WHITESPACE@54..55 "\n"
      R_CURLY@55..56 "}"

