---
source: crates/mun_syntax/src/tests/parser.rs
expression: "fn main() {\n    let a = b;\n    a += b;\n    a -= b;\n    a *= b;\n    a /= b;\n    a %= b;\n    a <<= b;\n    a >>= b;\n    a &= b;\n    a |= b;\n    a ^= b;\n}"
---
SOURCE_FILE@[0; 150)
  FUNCTION_DEF@[0; 150)
    FN_KW@[0; 2) "fn"
    WHITESPACE@[2; 3) " "
    NAME@[3; 7)
      IDENT@[3; 7) "main"
    PARAM_LIST@[7; 9)
      L_PAREN@[7; 8) "("
      R_PAREN@[8; 9) ")"
    WHITESPACE@[9; 10) " "
    BLOCK_EXPR@[10; 150)
      L_CURLY@[10; 11) "{"
      WHITESPACE@[11; 16) "\n    "
      LET_STMT@[16; 26)
        LET_KW@[16; 19) "let"
        WHITESPACE@[19; 20) " "
        BIND_PAT@[20; 21)
          NAME@[20; 21)
            IDENT@[20; 21) "a"
        WHITESPACE@[21; 22) " "
        EQ@[22; 23) "="
        WHITESPACE@[23; 24) " "
        PATH_EXPR@[24; 25)
          PATH@[24; 25)
            PATH_SEGMENT@[24; 25)
              NAME_REF@[24; 25)
                IDENT@[24; 25) "b"
        SEMI@[25; 26) ";"
      WHITESPACE@[26; 31) "\n    "
      EXPR_STMT@[31; 38)
        BIN_EXPR@[31; 37)
          PATH_EXPR@[31; 32)
            PATH@[31; 32)
              PATH_SEGMENT@[31; 32)
                NAME_REF@[31; 32)
                  IDENT@[31; 32) "a"
          WHITESPACE@[32; 33) " "
          PLUSEQ@[33; 35) "+="
          WHITESPACE@[35; 36) " "
          PATH_EXPR@[36; 37)
            PATH@[36; 37)
              PATH_SEGMENT@[36; 37)
                NAME_REF@[36; 37)
                  IDENT@[36; 37) "b"
        SEMI@[37; 38) ";"
      WHITESPACE@[38; 43) "\n    "
      EXPR_STMT@[43; 50)
        BIN_EXPR@[43; 49)
          PATH_EXPR@[43; 44)
            PATH@[43; 44)
              PATH_SEGMENT@[43; 44)
                NAME_REF@[43; 44)
                  IDENT@[43; 44) "a"
          WHITESPACE@[44; 45) " "
          MINUSEQ@[45; 47) "-="
          WHITESPACE@[47; 48) " "
          PATH_EXPR@[48; 49)
            PATH@[48; 49)
              PATH_SEGMENT@[48; 49)
                NAME_REF@[48; 49)
                  IDENT@[48; 49) "b"
        SEMI@[49; 50) ";"
      WHITESPACE@[50; 55) "\n    "
      EXPR_STMT@[55; 62)
        BIN_EXPR@[55; 61)
          PATH_EXPR@[55; 56)
            PATH@[55; 56)
              PATH_SEGMENT@[55; 56)
                NAME_REF@[55; 56)
                  IDENT@[55; 56) "a"
          WHITESPACE@[56; 57) " "
          STAREQ@[57; 59) "*="
          WHITESPACE@[59; 60) " "
          PATH_EXPR@[60; 61)
            PATH@[60; 61)
              PATH_SEGMENT@[60; 61)
                NAME_REF@[60; 61)
                  IDENT@[60; 61) "b"
        SEMI@[61; 62) ";"
      WHITESPACE@[62; 67) "\n    "
      EXPR_STMT@[67; 74)
        BIN_EXPR@[67; 73)
          PATH_EXPR@[67; 68)
            PATH@[67; 68)
              PATH_SEGMENT@[67; 68)
                NAME_REF@[67; 68)
                  IDENT@[67; 68) "a"
          WHITESPACE@[68; 69) " "
          SLASHEQ@[69; 71) "/="
          WHITESPACE@[71; 72) " "
          PATH_EXPR@[72; 73)
            PATH@[72; 73)
              PATH_SEGMENT@[72; 73)
                NAME_REF@[72; 73)
                  IDENT@[72; 73) "b"
        SEMI@[73; 74) ";"
      WHITESPACE@[74; 79) "\n    "
      EXPR_STMT@[79; 86)
        BIN_EXPR@[79; 85)
          PATH_EXPR@[79; 80)
            PATH@[79; 80)
              PATH_SEGMENT@[79; 80)
                NAME_REF@[79; 80)
                  IDENT@[79; 80) "a"
          WHITESPACE@[80; 81) " "
          PERCENTEQ@[81; 83) "%="
          WHITESPACE@[83; 84) " "
          PATH_EXPR@[84; 85)
            PATH@[84; 85)
              PATH_SEGMENT@[84; 85)
                NAME_REF@[84; 85)
                  IDENT@[84; 85) "b"
        SEMI@[85; 86) ";"
      WHITESPACE@[86; 91) "\n    "
      EXPR_STMT@[91; 99)
        BIN_EXPR@[91; 98)
          PATH_EXPR@[91; 92)
            PATH@[91; 92)
              PATH_SEGMENT@[91; 92)
                NAME_REF@[91; 92)
                  IDENT@[91; 92) "a"
          WHITESPACE@[92; 93) " "
          SHLEQ@[93; 96) "<<="
          WHITESPACE@[96; 97) " "
          PATH_EXPR@[97; 98)
            PATH@[97; 98)
              PATH_SEGMENT@[97; 98)
                NAME_REF@[97; 98)
                  IDENT@[97; 98) "b"
        SEMI@[98; 99) ";"
      WHITESPACE@[99; 104) "\n    "
      EXPR_STMT@[104; 112)
        BIN_EXPR@[104; 111)
          PATH_EXPR@[104; 105)
            PATH@[104; 105)
              PATH_SEGMENT@[104; 105)
                NAME_REF@[104; 105)
                  IDENT@[104; 105) "a"
          WHITESPACE@[105; 106) " "
          SHREQ@[106; 109) ">>="
          WHITESPACE@[109; 110) " "
          PATH_EXPR@[110; 111)
            PATH@[110; 111)
              PATH_SEGMENT@[110; 111)
                NAME_REF@[110; 111)
                  IDENT@[110; 111) "b"
        SEMI@[111; 112) ";"
      WHITESPACE@[112; 117) "\n    "
      EXPR_STMT@[117; 124)
        BIN_EXPR@[117; 123)
          PATH_EXPR@[117; 118)
            PATH@[117; 118)
              PATH_SEGMENT@[117; 118)
                NAME_REF@[117; 118)
                  IDENT@[117; 118) "a"
          WHITESPACE@[118; 119) " "
          AMPEQ@[119; 121) "&="
          WHITESPACE@[121; 122) " "
          PATH_EXPR@[122; 123)
            PATH@[122; 123)
              PATH_SEGMENT@[122; 123)
                NAME_REF@[122; 123)
                  IDENT@[122; 123) "b"
        SEMI@[123; 124) ";"
      WHITESPACE@[124; 129) "\n    "
      EXPR_STMT@[129; 136)
        BIN_EXPR@[129; 135)
          PATH_EXPR@[129; 130)
            PATH@[129; 130)
              PATH_SEGMENT@[129; 130)
                NAME_REF@[129; 130)
                  IDENT@[129; 130) "a"
          WHITESPACE@[130; 131) " "
          PIPEEQ@[131; 133) "|="
          WHITESPACE@[133; 134) " "
          PATH_EXPR@[134; 135)
            PATH@[134; 135)
              PATH_SEGMENT@[134; 135)
                NAME_REF@[134; 135)
                  IDENT@[134; 135) "b"
        SEMI@[135; 136) ";"
      WHITESPACE@[136; 141) "\n    "
      EXPR_STMT@[141; 148)
        BIN_EXPR@[141; 147)
          PATH_EXPR@[141; 142)
            PATH@[141; 142)
              PATH_SEGMENT@[141; 142)
                NAME_REF@[141; 142)
                  IDENT@[141; 142) "a"
          WHITESPACE@[142; 143) " "
          CARETEQ@[143; 145) "^="
          WHITESPACE@[145; 146) " "
          PATH_EXPR@[146; 147)
            PATH@[146; 147)
              PATH_SEGMENT@[146; 147)
                NAME_REF@[146; 147)
                  IDENT@[146; 147) "b"
        SEMI@[147; 148) ";"
      WHITESPACE@[148; 149) "\n"
      R_CURLY@[149; 150) "}"

