---
source: crates/mun_syntax/src/tests/parser.rs
expression: "// Source file comment\n\n// Comment that belongs to the function\nfn a() {}\nfn b(value:number) {}\npub fn d() {}\npub fn c()->never {}\nfn b(value:number)->number {}"
---
SOURCE_FILE@0..160
  COMMENT@0..22 "// Source file comment"
  WHITESPACE@22..24 "\n\n"
  FUNCTION_DEF@24..73
    COMMENT@24..63 "// Comment that belon ..."
    WHITESPACE@63..64 "\n"
    FN_KW@64..66 "fn"
    WHITESPACE@66..67 " "
    NAME@67..68
      IDENT@67..68 "a"
    PARAM_LIST@68..70
      L_PAREN@68..69 "("
      R_PAREN@69..70 ")"
    WHITESPACE@70..71 " "
    BLOCK_EXPR@71..73
      L_CURLY@71..72 "{"
      R_CURLY@72..73 "}"
  FUNCTION_DEF@73..95
    WHITESPACE@73..74 "\n"
    FN_KW@74..76 "fn"
    WHITESPACE@76..77 " "
    NAME@77..78
      IDENT@77..78 "b"
    PARAM_LIST@78..92
      L_PAREN@78..79 "("
      PARAM@79..91
        BIND_PAT@79..84
          NAME@79..84
            IDENT@79..84 "value"
        COLON@84..85 ":"
        PATH_TYPE@85..91
          PATH@85..91
            PATH_SEGMENT@85..91
              NAME_REF@85..91
                IDENT@85..91 "number"
      R_PAREN@91..92 ")"
    WHITESPACE@92..93 " "
    BLOCK_EXPR@93..95
      L_CURLY@93..94 "{"
      R_CURLY@94..95 "}"
  FUNCTION_DEF@95..109
    WHITESPACE@95..96 "\n"
    VISIBILITY@96..99
      PUB_KW@96..99 "pub"
    WHITESPACE@99..100 " "
    FN_KW@100..102 "fn"
    WHITESPACE@102..103 " "
    NAME@103..104
      IDENT@103..104 "d"
    PARAM_LIST@104..106
      L_PAREN@104..105 "("
      R_PAREN@105..106 ")"
    WHITESPACE@106..107 " "
    BLOCK_EXPR@107..109
      L_CURLY@107..108 "{"
      R_CURLY@108..109 "}"
  FUNCTION_DEF@109..130
    WHITESPACE@109..110 "\n"
    VISIBILITY@110..113
      PUB_KW@110..113 "pub"
    WHITESPACE@113..114 " "
    FN_KW@114..116 "fn"
    WHITESPACE@116..117 " "
    NAME@117..118
      IDENT@117..118 "c"
    PARAM_LIST@118..120
      L_PAREN@118..119 "("
      R_PAREN@119..120 ")"
    RET_TYPE@120..127
      THIN_ARROW@120..122 "->"
      NEVER_TYPE@122..127
        NEVER_KW@122..127 "never"
    WHITESPACE@127..128 " "
    BLOCK_EXPR@128..130
      L_CURLY@128..129 "{"
      R_CURLY@129..130 "}"
  FUNCTION_DEF@130..160
    WHITESPACE@130..131 "\n"
    FN_KW@131..133 "fn"
    WHITESPACE@133..134 " "
    NAME@134..135
      IDENT@134..135 "b"
    PARAM_LIST@135..149
      L_PAREN@135..136 "("
      PARAM@136..148
        BIND_PAT@136..141
          NAME@136..141
            IDENT@136..141 "value"
        COLON@141..142 ":"
        PATH_TYPE@142..148
          PATH@142..148
            PATH_SEGMENT@142..148
              NAME_REF@142..148
                IDENT@142..148 "number"
      R_PAREN@148..149 ")"
    RET_TYPE@149..157
      THIN_ARROW@149..151 "->"
      PATH_TYPE@151..157
        PATH@151..157
          PATH_SEGMENT@151..157
            NAME_REF@151..157
              IDENT@151..157 "number"
    WHITESPACE@157..158 " "
    BLOCK_EXPR@158..160
      L_CURLY@158..159 "{"
      R_CURLY@159..160 "}"

