---
source: crates/mun_syntax/src/tests/lexer.rs
expression: "\"Hello, world!\"\n'Hello, world!'\n\"\\n\"\n\"\\\"\\\\\"\n\"multi\nline\""
---
STRING 15 "\"Hello, world!\""
WHITESPACE 1 "\n"
STRING 15 "\'Hello, world!\'"
WHITESPACE 1 "\n"
STRING 4 "\"\\n\""
WHITESPACE 1 "\n"
STRING 6 "\"\\\"\\\\\""
WHITESPACE 1 "\n"
STRING 12 "\"multi\nline\""

