---
source: crates/mun_syntax/src/tests/parser.rs
expression: "// Source file comment\n\n// Comment that belongs to the function\nfn a() {}\nfn b(value:number) {}\npub fn d() {}\npub fn c():never {}\nfn b(value:number):number {}"
---
SOURCE_FILE@[0; 158)
  COMMENT@[0; 22) "// Source file comment"
  WHITESPACE@[22; 24) "\n\n"
  FUNCTION_DEF@[24; 73)
    COMMENT@[24; 63) "// Comment that belon ..."
    WHITESPACE@[63; 64) "\n"
    FN_KW@[64; 66) "fn"
    WHITESPACE@[66; 67) " "
    NAME@[67; 68)
      IDENT@[67; 68) "a"
    PARAM_LIST@[68; 70)
      L_PAREN@[68; 69) "("
      R_PAREN@[69; 70) ")"
    WHITESPACE@[70; 71) " "
    BLOCK_EXPR@[71; 73)
      L_CURLY@[71; 72) "{"
      R_CURLY@[72; 73) "}"
  FUNCTION_DEF@[73; 95)
    WHITESPACE@[73; 74) "\n"
    FN_KW@[74; 76) "fn"
    WHITESPACE@[76; 77) " "
    NAME@[77; 78)
      IDENT@[77; 78) "b"
    PARAM_LIST@[78; 92)
      L_PAREN@[78; 79) "("
      PARAM@[79; 91)
        BIND_PAT@[79; 84)
          NAME@[79; 84)
            IDENT@[79; 84) "value"
        COLON@[84; 85) ":"
        PATH_TYPE@[85; 91)
          PATH@[85; 91)
            PATH_SEGMENT@[85; 91)
              NAME_REF@[85; 91)
                IDENT@[85; 91) "number"
      R_PAREN@[91; 92) ")"
    WHITESPACE@[92; 93) " "
    BLOCK_EXPR@[93; 95)
      L_CURLY@[93; 94) "{"
      R_CURLY@[94; 95) "}"
  FUNCTION_DEF@[95; 109)
    WHITESPACE@[95; 96) "\n"
    VISIBILITY@[96; 99)
      PUB_KW@[96; 99) "pub"
    WHITESPACE@[99; 100) " "
    FN_KW@[100; 102) "fn"
    WHITESPACE@[102; 103) " "
    NAME@[103; 104)
      IDENT@[103; 104) "d"
    PARAM_LIST@[104; 106)
      L_PAREN@[104; 105) "("
      R_PAREN@[105; 106) ")"
    WHITESPACE@[106; 107) " "
    BLOCK_EXPR@[107; 109)
      L_CURLY@[107; 108) "{"
      R_CURLY@[108; 109) "}"
  FUNCTION_DEF@[109; 120)
    WHITESPACE@[109; 110) "\n"
    VISIBILITY@[110; 113)
      PUB_KW@[110; 113) "pub"
    WHITESPACE@[113; 114) " "
    FN_KW@[114; 116) "fn"
    WHITESPACE@[116; 117) " "
    NAME@[117; 118)
      IDENT@[117; 118) "c"
    PARAM_LIST@[118; 120)
      L_PAREN@[118; 119) "("
      R_PAREN@[119; 120) ")"
  ERROR@[120; 121)
    COLON@[120; 121) ":"
  ERROR@[121; 126)
    NEVER_KW@[121; 126) "never"
  WHITESPACE@[126; 127) " "
  ERROR@[127; 128)
    L_CURLY@[127; 128) "{"
  ERROR@[128; 129)
    R_CURLY@[128; 129) "}"
  FUNCTION_DEF@[129; 148)
    WHITESPACE@[129; 130) "\n"
    FN_KW@[130; 132) "fn"
    WHITESPACE@[132; 133) " "
    NAME@[133; 134)
      IDENT@[133; 134) "b"
    PARAM_LIST@[134; 148)
      L_PAREN@[134; 135) "("
      PARAM@[135; 147)
        BIND_PAT@[135; 140)
          NAME@[135; 140)
            IDENT@[135; 140) "value"
        COLON@[140; 141) ":"
        PATH_TYPE@[141; 147)
          PATH@[141; 147)
            PATH_SEGMENT@[141; 147)
              NAME_REF@[141; 147)
                IDENT@[141; 147) "number"
      R_PAREN@[147; 148) ")"
  ERROR@[148; 149)
    COLON@[148; 149) ":"
  ERROR@[149; 155)
    IDENT@[149; 155) "number"
  WHITESPACE@[155; 156) " "
  ERROR@[156; 157)
    L_CURLY@[156; 157) "{"
  ERROR@[157; 158)
    R_CURLY@[157; 158) "}"
error Offset(120): expected a block
error Offset(120): expected a declaration
error Offset(121): expected a declaration
error Offset(127): expected a declaration
error Offset(128): expected a declaration
error Offset(148): expected a block
error Offset(148): expected a declaration
error Offset(149): expected a declaration
error Offset(156): expected a declaration
error Offset(157): expected a declaration

