---
source: crates/mun_codegen/src/test.rs
assertion_line: 1045
expression: "\n    pub fn not(a: u32) -> u32 { !a }\n    pub fn bitand(a: u32, b: u32) -> u32 { a & b }\n    pub fn bitor(a: u32, b: u32) -> u32 { a | b }\n    pub fn bitxor(a: u32, b: u32) -> u32 { a ^ b }\n                        "
---
; == FILE IR (mod) =====================================
; ModuleID = 'mod'
source_filename = "mod"

@global_type_lookup_table = external global [11 x i64*]

define i32 @not(i32 %0) {
body:
  %not = xor i32 %0, -1
  ret i32 %not
}

define i32 @bitand(i32 %0, i32 %1) {
body:
  %bit_and = and i32 %0, %1
  ret i32 %bit_and
}

define i32 @bitor(i32 %0, i32 %1) {
body:
  %bit_or = or i32 %0, %1
  ret i32 %bit_or
}

define i32 @bitxor(i32 %0, i32 %1) {
body:
  %bit_xor = xor i32 %0, %1
  ret i32 %bit_xor
}

; == GROUP IR (mod) ====================================
; ModuleID = 'group_name'
source_filename = "group_name"

@global_type_lookup_table = global [11 x i64*] zeroinitializer

