---
source: crates/mun_codegen/src/test.rs
expression: "pub fn not(a: i64) -> i64 { !a }\npub fn bitand(a: i64, b: i64) -> i64 { a & b }\npub fn bitor(a: i64, b: i64) -> i64 { a | b }\npub fn bitxor(a: i64, b: i64) -> i64 { a ^ b }"
---
; == FILE IR =====================================

%"mun_codegen::ir::types::TypeInfo" = type <{ [0 x i64], [16 x i8], [0 x i64], i8*, [0 x i64], i32, [0 x i64], i8, [0 x i64], i8, [1 x i16] }>

@global_type_table = external global [1 x %"mun_codegen::ir::types::TypeInfo"*]

define i64 @not(i64 %0) {
body:
  %not = xor i64 %0, -1
  ret i64 %not
}

define i64 @bitand(i64 %0, i64 %1) {
body:
  %bit_and = and i64 %0, %1
  ret i64 %bit_and
}

define i64 @bitor(i64 %0, i64 %1) {
body:
  %bit_or = or i64 %0, %1
  ret i64 %bit_or
}

define i64 @bitxor(i64 %0, i64 %1) {
body:
  %bit_xor = xor i64 %0, %1
  ret i64 %bit_xor
}


; == GROUP IR ====================================
; ModuleID = 'group_name'
source_filename = "group_name"

%"mun_codegen::ir::types::TypeInfo" = type <{ [0 x i64], [16 x i8], [0 x i64], i8*, [0 x i64], i32, [0 x i64], i8, [0 x i64], i8, [1 x i16] }>

@"type_info::<core::i64>::name" = private unnamed_addr constant [10 x i8] c"core::i64\00"
@"type_info::<core::i64>" = private unnamed_addr constant %"mun_codegen::ir::types::TypeInfo" <{ [0 x i64] zeroinitializer, [16 x i8] c"G\13;t\97j8\18\D7M\83`\1D\C8\19%", [0 x i64] zeroinitializer, i8* getelementptr inbounds ([10 x i8], [10 x i8]* @"type_info::<core::i64>::name", i32 0, i32 0), [0 x i64] zeroinitializer, i32 64, [0 x i64] zeroinitializer, i8 8, [0 x i64] zeroinitializer, i8 0, [1 x i16] zeroinitializer }>
@global_type_table = constant [1 x %"mun_codegen::ir::types::TypeInfo"*] [%"mun_codegen::ir::types::TypeInfo"* @"type_info::<core::i64>"]

