---
source: crates/mun_codegen/src/test.rs
assertion_line: 1045
expression: "\n    pub fn equals(a: i128, b: i128) -> bool { a == b }\n    pub fn not_equal(a: i128, b: i128) -> bool { a != b}\n    pub fn less(a: i128, b: i128) -> bool { a < b }\n    pub fn less_equal(a: i128, b: i128) -> bool { a <= b }\n    pub fn greater(a: i128, b: i128) -> bool { a > b }\n    pub fn greater_equal(a: i128, b: i128) -> bool { a >= b }\n                        "
---
; == FILE IR (mod) =====================================
; ModuleID = 'mod'
source_filename = "mod"

@global_type_lookup_table = external global [18 x i64*]

define i1 @equals(i128 %0, i128 %1) {
body:
  %eq = icmp eq i128 %0, %1
  ret i1 %eq
}

define i1 @not_equal(i128 %0, i128 %1) {
body:
  %neq = icmp ne i128 %0, %1
  ret i1 %neq
}

define i1 @less(i128 %0, i128 %1) {
body:
  %less = icmp slt i128 %0, %1
  ret i1 %less
}

define i1 @less_equal(i128 %0, i128 %1) {
body:
  %lesseq = icmp sle i128 %0, %1
  ret i1 %lesseq
}

define i1 @greater(i128 %0, i128 %1) {
body:
  %greater = icmp sgt i128 %0, %1
  ret i1 %greater
}

define i1 @greater_equal(i128 %0, i128 %1) {
body:
  %greatereq = icmp sge i128 %0, %1
  ret i1 %greatereq
}

; == GROUP IR (mod) ====================================
; ModuleID = 'group_name'
source_filename = "group_name"

@global_type_lookup_table = constant [18 x i64*] zeroinitializer

