---
source: crates/mun_codegen/src/test.rs
assertion_line: 1045
expression: "\n    pub fn foo(n:i32) -> i32 {\n        loop {\n            if n > 5 {\n                break n;\n            }\n            if n > 10 {\n                break 10;\n            }\n            n += 1;\n        }\n    }\n    "

---
; == FILE IR (mod) =====================================
; ModuleID = 'mod'
source_filename = "mod"

%"mun_codegen::ir::types::TypeInfo" = type <{ [0 x i64], [16 x i8], [0 x i64], i8*, [0 x i64], i32, [0 x i64], i8, [3 x i8], %"mun_codegen::ir::types::TypeInfoData", [0 x i64] }>
%"mun_codegen::ir::types::TypeInfoData" = type <{ [0 x i8], i8, [39 x i8] }>

@global_type_table = external global [1 x %"mun_codegen::ir::types::TypeInfo"*]

define i32 @foo(i32 %0) {
body:
  br label %loop

loop:                                             ; preds = %if_merge6, %body
  %n.0 = phi i32 [ %0, %body ], [ %add, %if_merge6 ]
  %greater = icmp sgt i32 %n.0, 5
  br i1 %greater, label %exit, label %if_merge

exit:                                             ; preds = %if_merge, %loop
  %exit8 = phi i32 [ %n.0, %loop ], [ 10, %if_merge ]
  ret i32 %exit8

if_merge:                                         ; preds = %loop
  %greater4 = icmp sgt i32 %n.0, 10
  br i1 %greater4, label %exit, label %if_merge6

if_merge6:                                        ; preds = %if_merge
  %add = add i32 %n.0, 1
  br label %loop
}

; == GROUP IR (mod) ====================================
; ModuleID = 'group_name'
source_filename = "group_name"

%"mun_codegen::ir::types::TypeInfo" = type <{ [0 x i64], [16 x i8], [0 x i64], i8*, [0 x i64], i32, [0 x i64], i8, [3 x i8], %"mun_codegen::ir::types::TypeInfoData", [0 x i64] }>
%"mun_codegen::ir::types::TypeInfoData" = type <{ [0 x i8], i8, [39 x i8] }>

@"type_info::<core::i32>::name" = private unnamed_addr constant [10 x i8] c"core::i32\00"
@"type_info::<core::i32>" = private unnamed_addr constant <{ [16 x i8], i8*, [48 x i8] }> <{ [16 x i8] c"\17yzt\19\D62\17\D25\95C\17\88[\FA", i8* getelementptr inbounds ([10 x i8], [10 x i8]* @"type_info::<core::i32>::name", i32 0, i32 0), [48 x i8] c" \00\00\00\04\00\00\00\00\00\00\00\00\00\00\00\00\00\00\00\00\00\00\00\00\00\00\00\00\00\00\00\00\00\00\00\00\00\00\00\00\00\00\00\00\00\00\00" }>
@global_type_table = constant [1 x %"mun_codegen::ir::types::TypeInfo"*] [%"mun_codegen::ir::types::TypeInfo"* @"type_info::<core::i32>"]

