---
source: crates/mun_codegen/src/test.rs
assertion_line: 1045
expression: "\n    pub fn assign_leftshift(a: i128, b: i128) -> i128 {\n        a <<= b;\n        a\n    }\n    pub fn assign_rightshift(a: i128, b: i128) -> i128 {\n        a >>= b;\n        a\n    }\n                        "
---
; == FILE IR (mod) =====================================
; ModuleID = 'mod'
source_filename = "mod"

@global_type_lookup_table = external global [6 x i64*]

define i128 @assign_leftshift(i128 %0, i128 %1) {
body:
  %left_shift = shl i128 %0, %1
  ret i128 %left_shift
}

define i128 @assign_rightshift(i128 %0, i128 %1) {
body:
  %right_shift = ashr i128 %0, %1
  ret i128 %right_shift
}

; == GROUP IR (mod) ====================================
; ModuleID = 'group_name'
source_filename = "group_name"

@global_type_lookup_table = constant [6 x i64*] zeroinitializer

