---
source: crates/mun_codegen/src/test.rs
expression: "\n    pub fn assign(a: u8, b: u8) -> u8 {\n        a = b;\n        a\n    }\n    pub fn assign_add(a: u8, b: u8) -> u8 {\n        a += b;\n        a\n    }\n    pub fn assign_subtract(a: u8, b: u8) -> u8 {\n        a -= b;\n        a\n    }\n    pub fn assign_multiply(a: u8, b: u8) -> u8 {\n        a *= b;\n        a\n    }\n    pub fn assign_divide(a: u8, b: u8) -> u8 {\n        a /= b;\n        a\n    }\n    pub fn assign_remainder(a: u8, b: u8) -> u8 {\n        a %= b;\n        a\n    }\n                        "
---
; == FILE IR (mod) =====================================
; ModuleID = 'mod'
source_filename = "mod"

%"mun_codegen::ir::types::TypeInfo" = type <{ [0 x i64], [16 x i8], [0 x i64], i8*, [0 x i64], i32, [0 x i64], i8, [0 x i64], i8, [1 x i16] }>

@global_type_table = external global [1 x %"mun_codegen::ir::types::TypeInfo"*]

define i8 @assign(i8 %0, i8 %1) {
body:
  ret i8 %1
}

define i8 @assign_add(i8 %0, i8 %1) {
body:
  %add = add i8 %0, %1
  ret i8 %add
}

define i8 @assign_subtract(i8 %0, i8 %1) {
body:
  %sub = sub i8 %0, %1
  ret i8 %sub
}

define i8 @assign_multiply(i8 %0, i8 %1) {
body:
  %mul = mul i8 %0, %1
  ret i8 %mul
}

define i8 @assign_divide(i8 %0, i8 %1) {
body:
  %div = udiv i8 %0, %1
  ret i8 %div
}

define i8 @assign_remainder(i8 %0, i8 %1) {
body:
  %rem = urem i8 %0, %1
  ret i8 %rem
}

; == GROUP IR (mod) ====================================
; ModuleID = 'group_name'
source_filename = "group_name"

%"mun_codegen::ir::types::TypeInfo" = type <{ [0 x i64], [16 x i8], [0 x i64], i8*, [0 x i64], i32, [0 x i64], i8, [0 x i64], i8, [1 x i16] }>

@"type_info::<core::u8>::name" = private unnamed_addr constant [9 x i8] c"core::u8\00"
@"type_info::<core::u8>" = private unnamed_addr constant %"mun_codegen::ir::types::TypeInfo" <{ [0 x i64] zeroinitializer, [16 x i8] c"\A0y\A7S\B6(n\F7f&H\E1\F9\AD\04>", [0 x i64] zeroinitializer, i8* getelementptr inbounds ([9 x i8], [9 x i8]* @"type_info::<core::u8>::name", i32 0, i32 0), [0 x i64] zeroinitializer, i32 8, [0 x i64] zeroinitializer, i8 1, [0 x i64] zeroinitializer, i8 0, [1 x i16] zeroinitializer }>
@global_type_table = constant [1 x %"mun_codegen::ir::types::TypeInfo"*] [%"mun_codegen::ir::types::TypeInfo"* @"type_info::<core::u8>"]

