---
source: crates/mun_codegen/src/test.rs
expression: "\n    fn add_impl(a:i32, b:i32) -> i32 {\n        a+b\n    }\n\n    fn add(a:i32, b:i32) -> i32 {\n      add_impl(a,b)\n    }\n\n    pub fn test() -> i32 {\n      add(4,5)\n      add_impl(4,5)\n      add(4,5)\n    }\n    "
---
; == FILE IR (mod) =====================================
; ModuleID = 'mod'
source_filename = "mod"

%"mun_codegen::ir::types::TypeInfo" = type <{ [0 x i64], [16 x i8], [0 x i64], i8*, [0 x i64], i32, [0 x i64], i8, [0 x i64], i8, [1 x i16] }>

@global_type_table = external global [1 x %"mun_codegen::ir::types::TypeInfo"*]

define i32 @add_impl(i32 %0, i32 %1) {
body:
  %add = add i32 %0, %1
  ret i32 %add
}

define i32 @add(i32 %0, i32 %1) {
body:
  %add_impl = call i32 @add_impl(i32 %0, i32 %1)
  ret i32 %add_impl
}

define i32 @test() {
body:
  %add = call i32 @add(i32 4, i32 5)
  %add_impl = call i32 @add_impl(i32 4, i32 5)
  %add1 = call i32 @add(i32 4, i32 5)
  ret i32 %add1
}

; == GROUP IR (mod) ====================================
; ModuleID = 'group_name'
source_filename = "group_name"

%"mun_codegen::ir::types::TypeInfo" = type <{ [0 x i64], [16 x i8], [0 x i64], i8*, [0 x i64], i32, [0 x i64], i8, [0 x i64], i8, [1 x i16] }>

@"type_info::<core::i32>::name" = private unnamed_addr constant [10 x i8] c"core::i32\00"
@"type_info::<core::i32>" = private unnamed_addr constant %"mun_codegen::ir::types::TypeInfo" <{ [0 x i64] zeroinitializer, [16 x i8] c"\17yzt\19\D62\17\D25\95C\17\88[\FA", [0 x i64] zeroinitializer, i8* getelementptr inbounds ([10 x i8], [10 x i8]* @"type_info::<core::i32>::name", i32 0, i32 0), [0 x i64] zeroinitializer, i32 32, [0 x i64] zeroinitializer, i8 4, [0 x i64] zeroinitializer, i8 0, [1 x i16] zeroinitializer }>
@global_type_table = constant [1 x %"mun_codegen::ir::types::TypeInfo"*] [%"mun_codegen::ir::types::TypeInfo"* @"type_info::<core::i32>"]

