---
source: crates/mun_codegen/src/test.rs
expression: "pub fn not(a: i128) -> i128 { !a }\npub fn bitand(a: i128, b: i128) -> i128 { a & b }\npub fn bitor(a: i128, b: i128) -> i128 { a | b }\npub fn bitxor(a: i128, b: i128) -> i128 { a ^ b }"
---
; == FILE IR =====================================
; ModuleID = 'main.mun'
source_filename = "main.mun"

%"mun_codegen::ir::types::TypeInfo" = type <{ [0 x i64], [16 x i8], [0 x i64], i8*, [0 x i64], i32, [0 x i64], i8, [0 x i64], i8, [1 x i16] }>

@global_type_table = external global [1 x %"mun_codegen::ir::types::TypeInfo"*]

define i128 @not(i128 %0) {
body:
  %not = xor i128 %0, -1
  ret i128 %not
}

define i128 @bitand(i128 %0, i128 %1) {
body:
  %bit_and = and i128 %0, %1
  ret i128 %bit_and
}

define i128 @bitor(i128 %0, i128 %1) {
body:
  %bit_or = or i128 %0, %1
  ret i128 %bit_or
}

define i128 @bitxor(i128 %0, i128 %1) {
body:
  %bit_xor = xor i128 %0, %1
  ret i128 %bit_xor
}


; == GROUP IR ====================================
; ModuleID = 'group_name'
source_filename = "group_name"

%"mun_codegen::ir::types::TypeInfo" = type <{ [0 x i64], [16 x i8], [0 x i64], i8*, [0 x i64], i32, [0 x i64], i8, [0 x i64], i8, [1 x i16] }>

@"type_info::<core::i128>::name" = private unnamed_addr constant [11 x i8] c"core::i128\00"
@"type_info::<core::i128>" = private unnamed_addr constant %"mun_codegen::ir::types::TypeInfo" <{ [0 x i64] zeroinitializer, [16 x i8] c"\BDkp\09RRM\EBc\02\A0\DB47\A7\E3", [0 x i64] zeroinitializer, i8* getelementptr inbounds ([11 x i8], [11 x i8]* @"type_info::<core::i128>::name", i32 0, i32 0), [0 x i64] zeroinitializer, i32 128, [0 x i64] zeroinitializer, i8 8, [0 x i64] zeroinitializer, i8 0, [1 x i16] zeroinitializer }>
@global_type_table = constant [1 x %"mun_codegen::ir::types::TypeInfo"*] [%"mun_codegen::ir::types::TypeInfo"* @"type_info::<core::i128>"]

