---
source: crates/mun_codegen/src/test.rs
expression: "pub fn add(a: i32, b: i32) -> i32 { a + b }\npub fn subtract(a: i32, b: i32) -> i32 { a - b }\npub fn multiply(a: i32, b: i32) -> i32 { a * b }\npub fn divide(a: i32, b: i32) -> i32 { a / b }\npub fn remainder(a: i32, b: i32) -> i32 { a % b }"
---
; == FILE IR =====================================
; ModuleID = 'main.mun'
source_filename = "main.mun"

%"mun_codegen::ir::types::TypeInfo" = type <{ [0 x i64], [16 x i8], [0 x i64], i8*, [0 x i64], i32, [0 x i64], i8, [0 x i64], i8, [1 x i16] }>

@global_type_table = external global [1 x %"mun_codegen::ir::types::TypeInfo"*]

define i32 @add(i32, i32) {
body:
  %add = add i32 %0, %1
  ret i32 %add
}

define i32 @subtract(i32, i32) {
body:
  %sub = sub i32 %0, %1
  ret i32 %sub
}

define i32 @multiply(i32, i32) {
body:
  %mul = mul i32 %0, %1
  ret i32 %mul
}

define i32 @divide(i32, i32) {
body:
  %div = sdiv i32 %0, %1
  ret i32 %div
}

define i32 @remainder(i32, i32) {
body:
  %rem = srem i32 %0, %1
  ret i32 %rem
}


; == GROUP IR ====================================
; ModuleID = 'group_name'
source_filename = "group_name"

%"mun_codegen::ir::types::TypeInfo" = type <{ [0 x i64], [16 x i8], [0 x i64], i8*, [0 x i64], i32, [0 x i64], i8, [0 x i64], i8, [1 x i16] }>

@"type_info::<core::i32>::name" = private unnamed_addr constant [10 x i8] c"core::i32\00"
@"type_info::<core::i32>" = private unnamed_addr constant %"mun_codegen::ir::types::TypeInfo" <{ [0 x i64] zeroinitializer, [16 x i8] c"\17yzt\19\D62\17\D25\95C\17\88[\FA", [0 x i64] zeroinitializer, i8* getelementptr inbounds ([10 x i8], [10 x i8]* @"type_info::<core::i32>::name", i32 0, i32 0), [0 x i64] zeroinitializer, i32 32, [0 x i64] zeroinitializer, i8 4, [0 x i64] zeroinitializer, i8 0, [1 x i16] zeroinitializer }>
@global_type_table = constant [1 x %"mun_codegen::ir::types::TypeInfo"*] [%"mun_codegen::ir::types::TypeInfo"* @"type_info::<core::i32>"]

