---
source: crates/mun_codegen/src/test.rs
expression: "pub fn assign_bitand(a: bool, b: bool) -> bool {\n    a &= b;\n    a\n}\npub fn assign_bitor(a: bool, b: bool) -> bool {\n    a |= b;\n    a\n}\npub fn assign_bitxor(a: bool, b: bool) -> bool {\n    a ^= b;\n    a\n}"
---
; == FILE IR =====================================
; ModuleID = 'main.mun'
source_filename = "main.mun"

%struct.MunTypeInfo = type { [16 x i8], i8*, i32, i8, i8 }

@global_type_table = external global [1 x %struct.MunTypeInfo*]

define i1 @assign_bitand(i1, i1) {
body:
  %bit_and = and i1 %0, %1
  ret i1 %bit_and
}

define i1 @assign_bitor(i1, i1) {
body:
  %bit_or = or i1 %0, %1
  ret i1 %bit_or
}

define i1 @assign_bitxor(i1, i1) {
body:
  %bit_xor = xor i1 %0, %1
  ret i1 %bit_xor
}


; == GROUP IR ====================================
; ModuleID = 'group_name'
source_filename = "group_name"

%struct.MunTypeInfo = type { [16 x i8], i8*, i32, i8, i8 }

@"type_info::<core::bool>::name" = private unnamed_addr constant [11 x i8] c"core::bool\00"
@"type_info::<core::bool>" = private unnamed_addr constant %struct.MunTypeInfo { [16 x i8] c"x\82\81m t7\03\CB\F8k\81-;\C9\84", i8* getelementptr inbounds ([11 x i8], [11 x i8]* @"type_info::<core::bool>::name", i32 0, i32 0), i32 1, i8 1, i8 0 }
@global_type_table = constant [1 x %struct.MunTypeInfo*] [%struct.MunTypeInfo* @"type_info::<core::bool>"]

