---
source: crates/mun_codegen/src/test.rs
expression: "fn add_impl(a:int, b:int):int {\n    a+b\n}\n\nfn add(a:int, b:int):int {\n  add_impl(a,b)\n}\n\nfn test():int {\n  add(4,5)\n  add_impl(4,5)\n  add(4,5)\n}"
---
; ModuleID = 'main.mun'
source_filename = "main.mun"

%DispatchTable = type { i64 (i64, i64)*, i64 (i64, i64)* }

@dispatchTable = global %DispatchTable { i64 (i64, i64)* @add_impl, i64 (i64, i64)* @add }

define i64 @add_impl(i64, i64) {
body:
  %add = add i64 %0, %1
  ret i64 %add
}

define i64 @add(i64, i64) {
body:
  %add_impl_ptr = load i64 (i64, i64)*, i64 (i64, i64)** getelementptr inbounds (%DispatchTable, %DispatchTable* @dispatchTable, i32 0, i32 0)
  %add_impl = call i64 %add_impl_ptr(i64 %0, i64 %1)
  ret i64 %add_impl
}

define i64 @test() {
body:
  %add_ptr = load i64 (i64, i64)*, i64 (i64, i64)** getelementptr inbounds (%DispatchTable, %DispatchTable* @dispatchTable, i32 0, i32 1)
  %add = call i64 %add_ptr(i64 4, i64 5)
  %add_impl_ptr = load i64 (i64, i64)*, i64 (i64, i64)** getelementptr inbounds (%DispatchTable, %DispatchTable* @dispatchTable, i32 0, i32 0)
  %add_impl = call i64 %add_impl_ptr(i64 4, i64 5)
  %add_ptr1 = load i64 (i64, i64)*, i64 (i64, i64)** getelementptr inbounds (%DispatchTable, %DispatchTable* @dispatchTable, i32 0, i32 1)
  %add2 = call i64 %add_ptr1(i64 4, i64 5)
  ret i64 %add2
}

