---
source: crates/mun_codegen/src/test.rs
expression: "fn add(a:int, b:int):int {\n  let result = a\n  result += b\n  result\n}\n\nfn subtract(a:int, b:int):int {\n  let result = a\n  result -= b\n  result\n}\n\nfn multiply(a:int, b:int):int {\n  let result = a\n  result *= b\n  result\n}"
---
; ModuleID = 'main.mun'
source_filename = "main.mun"

define i64 @add(i64 %a, i64 %b) {
body:
  %add = add i64 %a, %b
  ret i64 %a
}

define i64 @subtract(i64 %a, i64 %b) {
body:
  %sub = sub i64 %a, %b
  ret i64 %a
}

define i64 @multiply(i64 %a, i64 %b) {
body:
  %mul = mul i64 %a, %b
  ret i64 %a
}

