---
source: crates/mun_codegen/src/test.rs
expression: "fn foo(a:int):int {\n    let a = a+1;\n    {\n        let a = a+2;\n    }\n    a+3\n}\n\nfn bar(a:int):int {\n    let a = a+1;\n    let a = {\n        let a = a+2;\n        a\n    }\n    a+3\n}"
---
; ModuleID = 'main.mun'
source_filename = "main.mun"

define i64 @foo(i64) {
body:
  %add = add i64 %0, 1
  %add7 = add i64 %add, 3
  ret i64 %add7
}

define i64 @bar(i64) {
body:
  %add = add i64 %0, 1
  %add4 = add i64 %add, 2
  %add9 = add i64 %add4, 3
  ret i64 %add9
}

