---
source: crates/mun_codegen/src/test.rs
expression: "fn foo() {\n    loop {}\n}"
---
; ModuleID = 'main.mun'
source_filename = "main.mun"
target triple = "x86-64"

define void @foo() {
body:
  br label %loop

loop:                                             ; preds = %loop, %body
  br label %loop
}

