---
source: crates/mun_codegen/src/test.rs
expression: "fn foo(a:int):int {\n    let b = if a > 3 {\n        let c = if a > 4 {\n            a+1\n        } else {\n            a+3\n        }\n        c\n    } else {\n        a-1\n    }\n    b\n}"
---
; ModuleID = 'main.mun'
source_filename = "main.mun"

define i64 @foo(i64 %a) {
body:
  %greater = icmp sgt i64 %a, 3
  br i1 %greater, label %then, label %else

then:                                             ; preds = %body
  %greater1 = icmp sgt i64 %a, 4
  %add = add i64 %a, 1
  %add5 = add i64 %a, 3
  %iftmp = select i1 %greater1, i64 %add, i64 %add5
  br label %if_merge

else:                                             ; preds = %body
  %sub = sub i64 %a, 1
  br label %if_merge

if_merge:                                         ; preds = %else, %then
  %iftmp7 = phi i64 [ %iftmp, %then ], [ %sub, %else ]
  ret i64 %iftmp7
}

